
> starter_helpi@0.1.0 test
> react-scripts test --coverage

FAIL src/App.test.tsx
  ✕ renders learn react link (51 ms)

  ● renders learn react link

    TestingLibraryElementError: Unable to find an element with the text: /learn react/i. This could be because the text is broken up by multiple elements. In this case, you can provide a function for your text matcher to make your matcher more flexible.

    Ignored nodes: comments, script, style
    [36m<body>[39m
      [36m<div>[39m
        [36m<div[39m
          [33mclass[39m=[32m"App"[39m
        [36m>[39m
          [36m<header[39m
            [33mclass[39m=[32m"App-header"[39m
          [36m>[39m
            [36m<a[39m
              [33mclass[39m=[32m"Home-button"[39m
              [33mhref[39m=[32m"#/"[39m
            [36m>[39m
              [36m<button[39m
                [33mclass[39m=[32m"mt-3 btn btn-outline-light btn-lg"[39m
                [33mtype[39m=[32m"button"[39m
              [36m>[39m
                [0mHome[0m
              [36m</button>[39m
            [36m</a>[39m
          [36m</header>[39m
          [36m<div[39m
            [33mclass[39m=[32m"App-body"[39m
          [36m>[39m
            [36m<div[39m
              [33mclass[39m=[32m"App-body"[39m
            [36m>[39m
              [36m<div[39m
                [33mclass[39m=[32m"animated-title"[39m
              [36m>[39m
                [36m<video[39m
                  [33mautoplay[39m=[32m""[39m
                  [33mloop[39m=[32m""[39m
                  [33msrc[39m=[32m"/Pictures/Title.mp4"[39m
                [36m/>[39m
              [36m</div>[39m
              [36m<div[39m
                [33mclass[39m=[32m"container"[39m
              [36m>[39m
                [36m<div[39m
                  [33mclass[39m=[32m"row"[39m
                [36m>[39m
                  [36m<div[39m
                    [33mclass[39m=[32m"col"[39m
                  [36m>[39m
                    [36m<div[39m
                      [33mclass[39m=[32m"Button-container"[39m
                    [36m>[39m
                      [36m<h2[39m
                        [33mclass[39m=[32m"Button-title"[39m
                      [36m>[39m
                        [0mBasic Question[0m
                      [36m</h2>[39m
                      [36m<p[39m
                        [33mclass[39m=[32m"Button-description"[39m
                      [36m>[39m
                        [0mStart with a series of basic questions to assess your knowledge.[0m
                      [36m</p>[39m
                      [36m<button[39m
                        [33mclass[39m=[32m"custom-button btn btn-primary btn-lg"[39m
                        [33mtype[39m=[32m"button"[39m
                      [36m>[39m
                        [0mBasic Questions[0m
                      [36m</button>[39m
                    [36m</div>[39m
                  [36m</div>[39m
                  [36m<div[39m
                    [33mclass[39m=[32m"col"[39m
                  [36m>[39m
                    [36m<div[39m
                      [33mclass[39m=[32m"Button-container"[39m
                    [36m>[39m
                      [36m<h2[39m
                        [33mclass[39m=[32m"Button-title"[39m
                      [36m>[39m
                        [0mDetailed Question[0m
                      [36m</h2>[39m
                      [36m<p[39m
                        [33mclass[39m=[32m"Button-description"[39m
                      [36m>[39m
                        [0mDive deeper into more detailed questions for a thorough assessment.[0m
                      [36m</p>[39m
                      [36m<button[39m
                        [33mclass[39m=[32m"custom-button btn btn-primary btn-lg"[39m
                        [33mtype[39m=[32m"button"[39m
                      [36m>[39m
                        [0mDetailed Questions[0m
                      [36m</button>[39m
                    [36m</div>[39m
                  [36m</div>[39m
                [36m</div>[39m
              [36m</div>[39m
            [36m</div>[39m
          [36m</div>[39m
          [36m<footer[39m
            [33mclass[39m=[32m"App-footer"[39m
          [36m>[39m
            [36m<form[39m
              [33mclass[39m=[32m""[39m
            [36m>[39m
              [36m<label[39m
                [33mclass[39m=[32m"form-label"[39m
              [36m>[39m
                [0mAPI Key:[0m
              [36m</label>[39m
              [36m<input[39m
                [33mclass[39m=[32m"form-control"[39m
                [33mplaceholder[39m=[32m"Insert API Key Here"[39m
                [33mtype[39m=[32m"password"[39m
              [36m/>[39m
              [36m<br />[39m
              [36m<button[39m
                [33mclass[39m=[32m"mt-3 btn btn-outline-light btn-lg"[39m
                [33mtype[39m=[32m"button"[39m
              [36m>[39m
                [0mSubmit[0m
              [36m</button>[39m
            [36m</form>[39m
          [36m</footer>[39m
        [36m</div>[39m
      [36m</div>[39m
    [36m</body>[39m

       5 | test('renders learn react link', () => {
       6 |   render(<App />);
    >  7 |   const linkElement = screen.getByText(/learn react/i);
         |                              ^
       8 |   expect(linkElement).toBeInTheDocument();
       9 | });
      10 |

      at Object.getElementError (node_modules/@testing-library/react/node_modules/@testing-library/dom/dist/config.js:37:19)
      at node_modules/@testing-library/react/node_modules/@testing-library/dom/dist/query-helpers.js:76:38
      at node_modules/@testing-library/react/node_modules/@testing-library/dom/dist/query-helpers.js:52:17
      at getByText (node_modules/@testing-library/react/node_modules/@testing-library/dom/dist/query-helpers.js:95:19)
      at Object.<anonymous> (src/App.test.tsx:7:30)
      at TestScheduler.scheduleTests (node_modules/@jest/core/build/TestScheduler.js:333:13)
      at runJest (node_modules/@jest/core/build/runJest.js:404:19)
      at _run10000 (node_modules/@jest/core/build/cli/index.js:320:7)
      at runCLI (node_modules/@jest/core/build/cli/index.js:173:3)

------------------------|---------|----------|---------|---------|-------------------
File                    | % Stmts | % Branch | % Funcs | % Lines | Uncovered Line #s 
------------------------|---------|----------|---------|---------|-------------------
All files               |   13.79 |     3.57 |      10 |   13.79 |                   
 src                    |   28.57 |    16.66 |      20 |   28.57 |                   
  App.tsx               |      60 |       50 |   33.33 |      60 | 15,23-29          
  index.tsx             |       0 |      100 |     100 |       0 | 7-19              
  reportWebVitals.ts    |       0 |        0 |       0 |       0 | 3-10              
 src/components         |     5.4 |        0 |    6.66 |     5.4 |                   
  basic_question.tsx    |       0 |        0 |       0 |       0 | 10-64             
  detailed_question.tsx |       0 |      100 |       0 |       0 | 7                 
  home.tsx              |      50 |      100 |   33.33 |      50 | 26-47             
------------------------|---------|----------|---------|---------|-------------------
Test Suites: 1 failed, 1 total
Tests:       1 failed, 1 total
Snapshots:   0 total
Time:        3.275 s
Ran all test suites.
[0;33mOne of your dependencies, babel-preset-react-app, is importing the
"@babel/plugin-proposal-private-property-in-object" package without
declaring it in its dependencies. This is currently working because
"@babel/plugin-proposal-private-property-in-object" is already in your
node_modules folder for unrelated reasons, but it [1mmay break at any time[0;33m.

babel-preset-react-app is part of the create-react-app project, [1mwhich
is not maintianed anymore[0;33m. It is thus unlikely that this bug will
ever be fixed. Add "@babel/plugin-proposal-private-property-in-object" to
your devDependencies to work around this error. This will make this message
go away.[0m
  
